
Allocating common symbols
Common symbol       size              file

Alarm_Actuator_State_Id
                    0x1               Alarm_actuator.o
detection_state     0x4               detection.o
Alarm_Controller_State_Id
                    0x1               Alarm_controller.o
PS_state            0x4               pressure_sensor.o
Pressure_Sensor_State_Id
                    0x1               main.o
alarm_actuator_state
                    0x4               Alarm_actuator.o
alarm_controller_state
                    0x4               Alarm_controller.o

Memory Configuration

Name             Origin             Length             Attributes
flash            0x08000000         0x00020000         xr
sram             0x20000000         0x00005000         xrw
*default*        0x00000000         0xffffffff

Linker script and memory map


.text           0x08000000      0x3e0
 *(.vectors*)
 .vectors       0x08000000       0x1c startup.o
                0x08000000                vectors
 *(.text*)
 .text          0x0800001c       0xc4 Alarm_actuator.o
                0x0800001c                start_alarm
                0x08000038                stop_alarm
                0x08000054                ST_alarm_start
                0x08000084                ST_alarm_stop
                0x080000ac                ST_alarm_waiting
                0x080000c4                alarm_actuator_init
 .text          0x080000e0       0x7c Alarm_controller.o
                0x080000e0                high_pressure
                0x080000fc                ST_alarm_on
                0x08000120                ST_alarm_off
                0x08000144                ST_waiting
 .text          0x0800015c       0x4c detection.o
                0x0800015c                set_pressure_val
                0x08000178                ST_pressure_detected
 .text          0x080001a8       0xc4 driver.o
                0x080001a8                Delay
                0x080001c8                getPressureVal
                0x080001e0                Set_Alarm_actuator
                0x0800021c                GPIO_INITIALIZATION
 .text          0x0800026c       0x64 main.o
                0x0800026c                setup
                0x0800029c                main
 .text          0x080002d0       0x80 pressure_sensor.o
                0x080002d0                ST_PS_reading
                0x08000308                ST_PS_waiting
                0x08000334                pressure_sensor_init
 .text          0x08000350       0x90 startup.o
                0x08000350                NMI_Handler
                0x08000350                H_Fault_Handler
                0x08000350                MM_Fault_Handler
                0x08000350                Usage_Fault_handler
                0x08000350                Default_Handler
                0x08000350                Bus_Fault_handler
                0x0800035c                Reset_Handler
 *(.rodata)
                0x080003e0                _E_text = .

.glue_7         0x080003e0        0x0
 .glue_7        0x080003e0        0x0 linker stubs

.glue_7t        0x080003e0        0x0
 .glue_7t       0x080003e0        0x0 linker stubs

.vfp11_veneer   0x080003e0        0x0
 .vfp11_veneer  0x080003e0        0x0 linker stubs

.v4_bx          0x080003e0        0x0
 .v4_bx         0x080003e0        0x0 linker stubs

.iplt           0x080003e0        0x0
 .iplt          0x080003e0        0x0 Alarm_actuator.o

.rel.dyn        0x080003e0        0x0
 .rel.iplt      0x080003e0        0x0 Alarm_actuator.o

.data           0x20000000        0x4 load address 0x080003e0
                0x20000000                _S_DATA = .
 *(.data)
 .data          0x20000000        0x0 Alarm_actuator.o
 .data          0x20000000        0x0 Alarm_controller.o
 .data          0x20000000        0x4 detection.o
                0x20000000                pressure_threshold
 .data          0x20000004        0x0 driver.o
 .data          0x20000004        0x0 main.o
 .data          0x20000004        0x0 pressure_sensor.o
 .data          0x20000004        0x0 startup.o
                0x20000004                _E_DATA = .

.igot.plt       0x20000004        0x0 load address 0x080003e4
 .igot.plt      0x20000004        0x0 Alarm_actuator.o

.bss            0x20000004     0x1024 load address 0x080003e4
                0x20000004                _S_bss = .
 *(.bss*)
 .bss           0x20000004        0x0 Alarm_actuator.o
 .bss           0x20000004        0x0 Alarm_controller.o
 .bss           0x20000004        0x4 detection.o
                0x20000004                current_pressure_value
 .bss           0x20000008        0x0 driver.o
 .bss           0x20000008        0x0 main.o
 .bss           0x20000008        0x4 pressure_sensor.o
                0x20000008                pval
 .bss           0x2000000c        0x0 startup.o
                0x2000000c                _E_bss = .
                0x2000000c                . = ALIGN (0x4)
                0x2000100c                . = (. + 0x1000)
 *fill*         0x2000000c     0x1000 
                0x2000100c                _stack_top = .
 COMMON         0x2000100c        0x8 Alarm_actuator.o
                0x2000100c                Alarm_Actuator_State_Id
                0x20001010                alarm_actuator_state
 COMMON         0x20001014        0x8 Alarm_controller.o
                0x20001014                Alarm_Controller_State_Id
                0x20001018                alarm_controller_state
 COMMON         0x2000101c        0x4 detection.o
                0x2000101c                detection_state
 COMMON         0x20001020        0x1 main.o
                0x20001020                Pressure_Sensor_State_Id
 *fill*         0x20001021        0x3 
 COMMON         0x20001024        0x4 pressure_sensor.o
                0x20001024                PS_state
LOAD Alarm_actuator.o
LOAD Alarm_controller.o
LOAD detection.o
LOAD driver.o
LOAD main.o
LOAD pressure_sensor.o
LOAD startup.o
OUTPUT(pressure_detection.elf elf32-littlearm)

.debug_info     0x00000000     0x3ec8
 .debug_info    0x00000000      0xa59 Alarm_actuator.o
 .debug_info    0x00000a59      0xa2f Alarm_controller.o
 .debug_info    0x00001488      0xa07 detection.o
 .debug_info    0x00001e8f      0xa05 driver.o
 .debug_info    0x00002894      0xa7d main.o
 .debug_info    0x00003311      0xa26 pressure_sensor.o
 .debug_info    0x00003d37      0x191 startup.o

.debug_abbrev   0x00000000      0xbef
 .debug_abbrev  0x00000000      0x1e1 Alarm_actuator.o
 .debug_abbrev  0x000001e1      0x1e1 Alarm_controller.o
 .debug_abbrev  0x000003c2      0x1d8 detection.o
 .debug_abbrev  0x0000059a      0x1de driver.o
 .debug_abbrev  0x00000778      0x1be main.o
 .debug_abbrev  0x00000936      0x1e1 pressure_sensor.o
 .debug_abbrev  0x00000b17       0xd8 startup.o

.debug_loc      0x00000000      0x580
 .debug_loc     0x00000000      0x168 Alarm_actuator.o
 .debug_loc     0x00000168       0xe0 Alarm_controller.o
 .debug_loc     0x00000248       0x88 detection.o
 .debug_loc     0x000002d0      0x140 driver.o
 .debug_loc     0x00000410       0x58 main.o
 .debug_loc     0x00000468       0x9c pressure_sensor.o
 .debug_loc     0x00000504       0x7c startup.o

.debug_aranges  0x00000000       0xe0
 .debug_aranges
                0x00000000       0x20 Alarm_actuator.o
 .debug_aranges
                0x00000020       0x20 Alarm_controller.o
 .debug_aranges
                0x00000040       0x20 detection.o
 .debug_aranges
                0x00000060       0x20 driver.o
 .debug_aranges
                0x00000080       0x20 main.o
 .debug_aranges
                0x000000a0       0x20 pressure_sensor.o
 .debug_aranges
                0x000000c0       0x20 startup.o

.debug_line     0x00000000      0xb7c
 .debug_line    0x00000000      0x1af Alarm_actuator.o
 .debug_line    0x000001af      0x1ac Alarm_controller.o
 .debug_line    0x0000035b      0x196 detection.o
 .debug_line    0x000004f1      0x1b9 driver.o
 .debug_line    0x000006aa      0x1ec main.o
 .debug_line    0x00000896      0x1a8 pressure_sensor.o
 .debug_line    0x00000a3e      0x13e startup.o

.debug_str      0x00000000      0x76d
 .debug_str     0x00000000      0x538 Alarm_actuator.o
                                0x5bb (size before relaxing)
 .debug_str     0x00000538       0x76 Alarm_controller.o
                                0x590 (size before relaxing)
 .debug_str     0x000005ae       0x71 detection.o
                                0x570 (size before relaxing)
 .debug_str     0x0000061f       0x57 driver.o
                                0x555 (size before relaxing)
 .debug_str     0x00000676       0x34 main.o
                                0x5f7 (size before relaxing)
 .debug_str     0x000006aa       0x43 pressure_sensor.o
                                0x57f (size before relaxing)
 .debug_str     0x000006ed       0x80 startup.o
                                0x19c (size before relaxing)

.comment        0x00000000       0x7e
 .comment       0x00000000       0x7e Alarm_actuator.o
                                 0x7f (size before relaxing)
 .comment       0x0000007e       0x7f Alarm_controller.o
 .comment       0x0000007e       0x7f detection.o
 .comment       0x0000007e       0x7f driver.o
 .comment       0x0000007e       0x7f main.o
 .comment       0x0000007e       0x7f pressure_sensor.o
 .comment       0x0000007e       0x7f startup.o

.ARM.attributes
                0x00000000       0x33
 .ARM.attributes
                0x00000000       0x33 Alarm_actuator.o
 .ARM.attributes
                0x00000033       0x33 Alarm_controller.o
 .ARM.attributes
                0x00000066       0x33 detection.o
 .ARM.attributes
                0x00000099       0x33 driver.o
 .ARM.attributes
                0x000000cc       0x33 main.o
 .ARM.attributes
                0x000000ff       0x33 pressure_sensor.o
 .ARM.attributes
                0x00000132       0x33 startup.o

.debug_frame    0x00000000      0x344
 .debug_frame   0x00000000       0xc8 Alarm_actuator.o
 .debug_frame   0x000000c8       0x88 Alarm_controller.o
 .debug_frame   0x00000150       0x54 detection.o
 .debug_frame   0x000001a4       0xa0 driver.o
 .debug_frame   0x00000244       0x48 main.o
 .debug_frame   0x0000028c       0x68 pressure_sensor.o
 .debug_frame   0x000002f4       0x50 startup.o
